::1 - - [08/Oct/2026 22:32:25] "GET / HTTP/1.1" 304 -
::1 - - [08/Oct/2026 22:32:25] "GET /css/style.css HTTP/1.1" 304 -
::1 - - [08/Oct/2026 22:32:26] "GET /js/main.js HTTP/1.1" 304 -
::1 - - [08/Oct/2026 22:32:31] code 501, message Unsupported method ('POST')
::1 - - [08/Oct/2026 22:32:31] "POST /api/visit.php HTTP/1.1" 501 -
::1 - - [08/Oct/2026 22:32:32] "GET /sw.js HTTP/1.1" 304 -
::1 - - [08/Oct/2026 22:33:56] "GET / HTTP/1.1" 304 -
::1 - - [08/Oct/2026 22:34:02] "GET /js/main.js HTTP/1.1" 304 -
::1 - - [08/Oct/2026 22:34:06] "GET /data/apps.js HTTP/1.1" 304 -
::1 - - [08/Oct/2026 22:34:08] "GET /data/posts.js HTTP/1.1" 304 -
::1 - - [08/Oct/2026 22:34:10] "GET /data/site-config.js HTTP/1.1" 304 -
::1 - - [08/Oct/2026 22:34:11] "GET /data/changelog.js HTTP/1.1" 304 -
::1 - - [08/Oct/2026 22:34:12] "GET /data/policies.js HTTP/1.1" 304 -
::1 - - [08/Oct/2026 22:34:24] code 501, message Unsupported method ('POST')
::1 - - [08/Oct/2026 22:34:24] "POST /api/visit.php HTTP/1.1" 501 -
::1 - - [08/Oct/2026 22:34:32] "GET /sw.js HTTP/1.1" 304 -
::1 - - [08/Oct/2026 22:35:48] "GET / HTTP/1.1" 304 -
::1 - - [08/Oct/2026 22:36:02] code 501, message Unsupported method ('POST')
::1 - - [08/Oct/2026 22:36:02] "POST /api/visit.php HTTP/1.1" 501 -
::1 - - [08/Oct/2026 22:36:02] "GET / HTTP/1.1" 304 -
::1 - - [08/Oct/2026 22:36:03] code 501, message Unsupported method ('POST')
::1 - - [08/Oct/2026 22:36:03] "POST /api/visit.php HTTP/1.1" 501 -
::1 - - [08/Oct/2026 22:36:03] "GET /sw.js HTTP/1.1" 304 -
